20:01:39 seed=11 cold_start
20:01:56 seed=11 warm_steady_state
20:02:16 seed=11 sustained_load
20:03:54 seed=11 soak
20:04:49 seed=11 burst
20:05:26 seed=11 queue_backpressure
20:06:19 seed=11 provider_full_outage
20:06:52 seed=11 provider_degraded
20:07:44 seed=11 worker_restart
20:08:06 seed=11 scheduler_restart
20:08:44 seed=11 full_restart
20:08:45 seed=11 sqlite_lock_contention
20:09:40 seed=11 disk_slow_saturation
20:10:26 seed=11 db_growth
20:15:37 seed=11 db_growth
20:16:59 seed=11 network_faults
20:17:41 seed=11 revocation_under_load
20:17:46 seed=11 recovery_after_failures
20:17:47 seed=22 cold_start
20:18:03 seed=22 warm_steady_state
20:18:23 seed=22 sustained_load
20:20:07 seed=22 soak
20:21:00 seed=22 burst
20:21:38 seed=22 queue_backpressure
20:22:33 seed=22 provider_full_outage
20:23:10 seed=22 provider_degraded
20:23:57 seed=22 worker_restart
20:24:19 seed=22 scheduler_restart
20:24:57 seed=22 full_restart
20:24:57 seed=22 sqlite_lock_contention
20:25:54 seed=22 disk_slow_saturation
20:26:49 seed=22 db_growth
20:28:10 seed=22 network_faults
20:28:49 seed=22 revocation_under_load
20:29:06 seed=22 recovery_after_failures
20:29:07 seed=33 cold_start
20:29:24 seed=33 warm_steady_state
20:29:44 seed=33 sustained_load
20:31:36 seed=33 soak
20:32:28 seed=33 burst
20:33:05 seed=33 queue_backpressure
20:34:05 seed=33 provider_full_outage
20:34:36 seed=33 provider_degraded
20:35:28 seed=33 worker_restart
20:35:50 seed=33 scheduler_restart
20:36:29 seed=33 full_restart
20:36:29 seed=33 sqlite_lock_contention
20:37:24 seed=33 disk_slow_saturation
20:38:20 seed=33 db_growth
20:39:51 seed=33 network_faults
20:40:33 seed=33 revocation_under_load
20:40:38 seed=33 recovery_after_failures
20:40:40 seed=44 cold_start
20:40:56 seed=44 warm_steady_state
20:41:15 seed=44 sustained_load
20:42:59 seed=44 soak
20:43:49 seed=44 burst
20:44:27 seed=44 queue_backpressure
20:45:22 seed=44 provider_full_outage
20:45:51 seed=44 provider_degraded
20:47:00 seed=44 worker_restart
20:47:22 seed=44 scheduler_restart
20:48:00 seed=44 full_restart
20:48:01 seed=44 sqlite_lock_contention
20:48:57 seed=44 disk_slow_saturation
20:49:42 seed=44 db_growth
20:51:02 seed=44 network_faults
20:51:41 seed=44 revocation_under_load
20:51:45 seed=44 recovery_after_failures
20:51:48 seed=55 cold_start
20:52:04 seed=55 warm_steady_state
20:52:25 seed=55 sustained_load
20:54:17 seed=55 soak
20:55:12 seed=55 burst
20:55:51 seed=55 queue_backpressure
20:56:51 seed=55 provider_full_outage
20:57:22 seed=55 provider_degraded
20:58:11 seed=55 worker_restart
20:58:33 seed=55 scheduler_restart
20:59:12 seed=55 full_restart
20:59:12 seed=55 sqlite_lock_contention
21:00:07 seed=55 disk_slow_saturation
21:00:56 seed=55 db_growth
21:02:31 seed=55 network_faults
21:03:12 seed=55 revocation_under_load
21:03:17 seed=55 recovery_after_failures
