FINAL-A2 start 2026-08-24T22:55:33.6132315-05:00 commit=b97365c
22:55:33 seed=11 cold_start
22:55:50 seed=11 warm_steady_state
22:56:09 seed=11 sustained_load
22:57:39 seed=11 soak
22:58:34 seed=11 burst
22:59:09 seed=11 queue_backpressure
22:59:57 seed=11 provider_full_outage
23:00:30 seed=11 provider_degraded
23:01:22 seed=11 worker_restart
23:02:10 seed=11 scheduler_restart
23:02:48 seed=11 full_restart
23:02:49 seed=11 sqlite_lock_contention
23:03:42 seed=11 disk_slow_saturation
23:04:32 seed=11 db_growth
23:05:51 seed=11 network_faults
23:06:33 seed=11 revocation_under_load
23:06:39 seed=11 recovery_after_failures
23:06:48 seed=22 cold_start
23:07:05 seed=22 warm_steady_state
23:07:25 seed=22 sustained_load
23:09:05 seed=22 soak
23:09:55 seed=22 burst
23:10:30 seed=22 queue_backpressure
23:11:19 seed=22 provider_full_outage
23:11:48 seed=22 provider_degraded
23:12:34 seed=22 worker_restart
23:13:21 seed=22 scheduler_restart
23:14:00 seed=22 full_restart
23:14:00 seed=22 sqlite_lock_contention
23:14:53 seed=22 disk_slow_saturation
23:15:38 seed=22 db_growth
23:16:54 seed=22 network_faults
23:17:34 seed=22 revocation_under_load
23:17:40 seed=22 recovery_after_failures
23:17:56 seed=33 cold_start
23:18:12 seed=33 warm_steady_state
23:18:31 seed=33 sustained_load
23:20:06 seed=33 soak
23:20:58 seed=33 burst
23:21:34 seed=33 queue_backpressure
23:22:26 seed=33 provider_full_outage
23:22:57 seed=33 provider_degraded
23:23:49 seed=33 worker_restart
23:24:36 seed=33 scheduler_restart
23:25:15 seed=33 full_restart
23:25:15 seed=33 sqlite_lock_contention
23:26:10 seed=33 disk_slow_saturation
23:26:58 seed=33 db_growth
23:28:20 seed=33 network_faults
23:29:02 seed=33 revocation_under_load
23:29:09 seed=33 recovery_after_failures
23:29:35 seed=44 cold_start
23:29:52 seed=44 warm_steady_state
23:30:10 seed=44 sustained_load
23:31:42 seed=44 soak
23:32:32 seed=44 burst
23:33:10 seed=44 queue_backpressure
23:34:03 seed=44 provider_full_outage
FAILED seed=44 provider_full_outage exit=1
23:34:03 seed=44 provider_degraded
FAILED seed=44 provider_degraded exit=1
23:34:04 seed=44 worker_restart
FAILED seed=44 worker_restart exit=1
23:34:04 seed=44 scheduler_restart
FAILED seed=44 scheduler_restart exit=1
23:34:04 seed=44 full_restart
FAILED seed=44 full_restart exit=1
23:34:04 seed=44 sqlite_lock_contention
FAILED seed=44 sqlite_lock_contention exit=1
23:34:04 seed=44 disk_slow_saturation
FAILED seed=44 disk_slow_saturation exit=1
23:34:04 seed=44 db_growth
FAILED seed=44 db_growth exit=1
23:34:04 seed=44 network_faults
FAILED seed=44 network_faults exit=1
23:34:04 seed=44 revocation_under_load
FAILED seed=44 revocation_under_load exit=1
23:34:04 seed=44 recovery_after_failures
FAILED seed=44 recovery_after_failures exit=1
23:34:05 seed=55 cold_start
FAILED seed=55 cold_start exit=1
23:34:05 seed=55 warm_steady_state
FAILED seed=55 warm_steady_state exit=1
23:34:05 seed=55 sustained_load
FAILED seed=55 sustained_load exit=1
23:34:05 seed=55 soak
FAILED seed=55 soak exit=1
23:34:05 seed=55 burst
FAILED seed=55 burst exit=1
23:34:05 seed=55 queue_backpressure
FAILED seed=55 queue_backpressure exit=1
23:34:05 seed=55 provider_full_outage
FAILED seed=55 provider_full_outage exit=1
23:34:05 seed=55 provider_degraded
FAILED seed=55 provider_degraded exit=1
23:34:05 seed=55 worker_restart
FAILED seed=55 worker_restart exit=1
23:34:05 seed=55 scheduler_restart
FAILED seed=55 scheduler_restart exit=1
23:34:06 seed=55 full_restart
FAILED seed=55 full_restart exit=1
23:34:06 seed=55 sqlite_lock_contention
FAILED seed=55 sqlite_lock_contention exit=1
23:34:06 seed=55 disk_slow_saturation
FAILED seed=55 disk_slow_saturation exit=1
23:34:06 seed=55 db_growth
FAILED seed=55 db_growth exit=1
23:34:06 seed=55 network_faults
FAILED seed=55 network_faults exit=1
23:34:06 seed=55 revocation_under_load
FAILED seed=55 revocation_under_load exit=1
23:34:06 seed=55 recovery_after_failures
FAILED seed=55 recovery_after_failures exit=1
FINAL-A2 end 2026-08-24T23:34:06.8077901-05:00
