FINAL-A3 start 2026-08-24T23:48:56.5035175-05:00 commit=5d26b9f
23:48:56 seed=11 cold_start
23:49:12 seed=11 warm_steady_state
23:49:33 seed=11 sustained_load
23:51:06 seed=11 soak
23:52:00 seed=11 burst
23:52:36 seed=11 queue_backpressure
23:53:27 seed=11 provider_full_outage
23:53:59 seed=11 provider_degraded
23:54:52 seed=11 worker_restart
23:55:39 seed=11 scheduler_restart
23:56:18 seed=11 full_restart
23:56:18 seed=11 sqlite_lock_contention
23:57:15 seed=11 disk_slow_saturation
23:58:08 seed=11 db_growth
23:59:26 seed=11 network_faults
00:00:08 seed=11 revocation_under_load
00:00:15 seed=11 recovery_after_failures
00:00:23 seed=22 cold_start
00:00:40 seed=22 warm_steady_state
00:00:58 seed=22 sustained_load
00:02:29 seed=22 soak
00:03:20 seed=22 burst
00:03:59 seed=22 queue_backpressure
00:04:55 seed=22 provider_full_outage
00:05:24 seed=22 provider_degraded
00:06:10 seed=22 worker_restart
00:06:57 seed=22 scheduler_restart
00:07:36 seed=22 full_restart
00:07:36 seed=22 sqlite_lock_contention
00:08:31 seed=22 disk_slow_saturation
00:09:19 seed=22 db_growth
FAILED seed=22 db_growth exit=1
00:09:19 seed=22 network_faults
FAILED seed=22 network_faults exit=1
00:09:19 seed=22 revocation_under_load
FAILED seed=22 revocation_under_load exit=1
00:09:19 seed=22 recovery_after_failures
FAILED seed=22 recovery_after_failures exit=1
00:09:19 seed=33 cold_start
FAILED seed=33 cold_start exit=1
00:09:19 seed=33 warm_steady_state
FAILED seed=33 warm_steady_state exit=1
00:09:19 seed=33 sustained_load
FAILED seed=33 sustained_load exit=1
00:09:19 seed=33 soak
FAILED seed=33 soak exit=1
00:09:20 seed=33 burst
FAILED seed=33 burst exit=1
00:09:20 seed=33 queue_backpressure
FAILED seed=33 queue_backpressure exit=1
00:09:20 seed=33 provider_full_outage
FAILED seed=33 provider_full_outage exit=1
00:09:20 seed=33 provider_degraded
FAILED seed=33 provider_degraded exit=1
00:09:20 seed=33 worker_restart
FAILED seed=33 worker_restart exit=1
00:09:20 seed=33 scheduler_restart
FAILED seed=33 scheduler_restart exit=1
00:09:20 seed=33 full_restart
FAILED seed=33 full_restart exit=1
00:09:20 seed=33 sqlite_lock_contention
FAILED seed=33 sqlite_lock_contention exit=1
00:09:20 seed=33 disk_slow_saturation
FAILED seed=33 disk_slow_saturation exit=1
00:09:21 seed=33 db_growth
FAILED seed=33 db_growth exit=1
00:09:21 seed=33 network_faults
FAILED seed=33 network_faults exit=1
00:09:21 seed=33 revocation_under_load
FAILED seed=33 revocation_under_load exit=1
00:09:21 seed=33 recovery_after_failures
FAILED seed=33 recovery_after_failures exit=1
00:09:21 seed=44 cold_start
FAILED seed=44 cold_start exit=1
00:09:21 seed=44 warm_steady_state
FAILED seed=44 warm_steady_state exit=1
00:09:21 seed=44 sustained_load
FAILED seed=44 sustained_load exit=1
00:09:21 seed=44 soak
FAILED seed=44 soak exit=1
00:09:22 seed=44 burst
FAILED seed=44 burst exit=1
00:09:22 seed=44 queue_backpressure
FAILED seed=44 queue_backpressure exit=1
00:09:22 seed=44 provider_full_outage
FAILED seed=44 provider_full_outage exit=1
00:09:22 seed=44 provider_degraded
FAILED seed=44 provider_degraded exit=1
00:09:22 seed=44 worker_restart
FAILED seed=44 worker_restart exit=1
00:09:22 seed=44 scheduler_restart
FAILED seed=44 scheduler_restart exit=1
00:09:22 seed=44 full_restart
FAILED seed=44 full_restart exit=1
00:09:22 seed=44 sqlite_lock_contention
FAILED seed=44 sqlite_lock_contention exit=1
00:09:22 seed=44 disk_slow_saturation
FAILED seed=44 disk_slow_saturation exit=1
00:09:23 seed=44 db_growth
FAILED seed=44 db_growth exit=1
00:09:23 seed=44 network_faults
FAILED seed=44 network_faults exit=1
00:09:23 seed=44 revocation_under_load
FAILED seed=44 revocation_under_load exit=1
00:09:23 seed=44 recovery_after_failures
FAILED seed=44 recovery_after_failures exit=1
00:09:23 seed=55 cold_start
FAILED seed=55 cold_start exit=1
00:09:23 seed=55 warm_steady_state
FAILED seed=55 warm_steady_state exit=1
00:09:23 seed=55 sustained_load
FAILED seed=55 sustained_load exit=1
00:09:23 seed=55 soak
FAILED seed=55 soak exit=1
00:09:24 seed=55 burst
FAILED seed=55 burst exit=1
00:09:24 seed=55 queue_backpressure
FAILED seed=55 queue_backpressure exit=1
00:09:24 seed=55 provider_full_outage
FAILED seed=55 provider_full_outage exit=1
00:09:24 seed=55 provider_degraded
FAILED seed=55 provider_degraded exit=1
00:09:24 seed=55 worker_restart
FAILED seed=55 worker_restart exit=1
00:09:24 seed=55 scheduler_restart
FAILED seed=55 scheduler_restart exit=1
00:09:24 seed=55 full_restart
FAILED seed=55 full_restart exit=1
00:09:24 seed=55 sqlite_lock_contention
FAILED seed=55 sqlite_lock_contention exit=1
00:09:24 seed=55 disk_slow_saturation
FAILED seed=55 disk_slow_saturation exit=1
00:09:25 seed=55 db_growth
FAILED seed=55 db_growth exit=1
00:09:25 seed=55 network_faults
FAILED seed=55 network_faults exit=1
00:09:25 seed=55 revocation_under_load
FAILED seed=55 revocation_under_load exit=1
00:09:25 seed=55 recovery_after_failures
FAILED seed=55 recovery_after_failures exit=1
FINAL-A3 end 2026-08-25T00:09:25.6733775-05:00
