FINAL-A start 2026-08-24T22:29:10.2316457-05:00
22:29:10 seed=11 cold_start
22:29:26 seed=11 warm_steady_state
22:29:46 seed=11 sustained_load
22:31:22 seed=11 soak
22:32:16 seed=11 burst
22:32:51 seed=11 queue_backpressure
22:33:42 seed=11 provider_full_outage
22:34:14 seed=11 provider_degraded
22:35:06 seed=11 worker_restart
22:35:54 seed=11 scheduler_restart
22:36:32 seed=11 full_restart
22:36:32 seed=11 sqlite_lock_contention
22:37:26 seed=11 disk_slow_saturation
22:38:19 seed=11 db_growth
22:39:38 seed=11 network_faults
22:40:20 seed=11 revocation_under_load
22:40:25 seed=11 recovery_after_failures
22:40:33 seed=22 cold_start
22:40:49 seed=22 warm_steady_state
22:41:08 seed=22 sustained_load
22:42:38 seed=22 soak
22:43:28 seed=22 burst
22:44:04 seed=22 queue_backpressure
22:44:53 seed=22 provider_full_outage
22:45:22 seed=22 provider_degraded
22:46:09 seed=22 worker_restart
