MAIN RUN v2 start 2026-08-24T18:56:36.3633546-05:00
18:56:36 seed=11 cold_start
18:56:52 seed=11 warm_steady_state
18:57:12 seed=11 sustained_load
18:58:45 seed=11 soak
18:59:39 seed=11 burst
19:00:14 seed=11 queue_backpressure
19:01:04 seed=11 provider_full_outage
19:01:36 seed=11 provider_degraded
19:02:29 seed=11 worker_restart
19:02:51 seed=11 scheduler_restart
FAILED seed=11 scheduler_restart exit=1
19:04:04 seed=11 full_restart
19:04:04 seed=11 sqlite_lock_contention
19:04:57 seed=11 disk_slow_saturation
19:05:39 seed=11 db_growth
19:06:54 seed=11 network_faults
19:07:36 seed=11 revocation_under_load
19:07:42 seed=11 recovery_after_failures
19:07:42 seed=22 cold_start
19:07:59 seed=22 warm_steady_state
19:08:20 seed=22 sustained_load
19:10:05 seed=22 soak
19:10:57 seed=22 burst
19:11:47 seed=22 queue_backpressure
19:12:45 seed=22 provider_full_outage
19:13:14 seed=22 provider_degraded
19:14:00 seed=22 worker_restart
19:14:22 seed=22 scheduler_restart
FAILED seed=22 scheduler_restart exit=1
19:15:35 seed=22 full_restart
19:15:36 seed=22 sqlite_lock_contention
19:16:30 seed=22 disk_slow_saturation
19:17:10 seed=22 db_growth
19:18:29 seed=22 network_faults
19:19:08 seed=22 revocation_under_load
19:19:18 seed=22 recovery_after_failures
19:19:20 seed=33 cold_start
19:19:36 seed=33 warm_steady_state
19:19:55 seed=33 sustained_load
19:21:33 seed=33 soak
19:22:25 seed=33 burst
19:23:12 seed=33 queue_backpressure
19:24:40 seed=33 provider_full_outage
19:25:11 seed=33 provider_degraded
19:26:05 seed=33 worker_restart
19:26:27 seed=33 scheduler_restart
FAILED seed=33 scheduler_restart exit=1
19:27:41 seed=33 full_restart
19:27:41 seed=33 sqlite_lock_contention
19:28:38 seed=33 disk_slow_saturation
19:29:30 seed=33 db_growth
19:30:54 seed=33 network_faults
19:31:36 seed=33 revocation_under_load
19:31:53 seed=33 recovery_after_failures
19:32:00 seed=44 cold_start
19:32:17 seed=44 warm_steady_state
19:32:36 seed=44 sustained_load
19:34:39 seed=44 soak
19:35:31 seed=44 burst
19:36:18 seed=44 queue_backpressure
19:37:16 seed=44 provider_full_outage
19:37:45 seed=44 provider_degraded
19:38:49 seed=44 worker_restart
19:39:11 seed=44 scheduler_restart
19:39:49 seed=44 full_restart
19:39:50 seed=44 sqlite_lock_contention
19:40:45 seed=44 disk_slow_saturation
19:41:26 seed=44 db_growth
19:42:58 seed=44 network_faults
19:43:37 seed=44 revocation_under_load
19:43:48 seed=44 recovery_after_failures
19:43:51 seed=55 cold_start
19:44:07 seed=55 warm_steady_state
19:44:29 seed=55 sustained_load
19:46:08 seed=55 soak
19:47:03 seed=55 burst
19:47:40 seed=55 queue_backpressure
19:48:33 seed=55 provider_full_outage
19:49:03 seed=55 provider_degraded
19:49:53 seed=55 worker_restart
19:50:15 seed=55 scheduler_restart
19:50:53 seed=55 full_restart
19:50:54 seed=55 sqlite_lock_contention
19:51:50 seed=55 disk_slow_saturation
19:52:30 seed=55 db_growth
19:53:49 seed=55 network_faults
19:54:31 seed=55 revocation_under_load
19:54:35 seed=55 recovery_after_failures
MAIN RUN end 2026-08-24T19:54:39.9702395-05:00
